[cutesolution.com/html/webtech/index-2.html]
[backblue.gif]
[fade.gif]
[index.html]
[cutesolution.com/html/webtech/assets/img/favicon.png]
[cutesolution.com/html/webtech/assets/css/bootstrap.min.css]
[cutesolution.com/html/webtech/assets/css/animate.min.css]
[cutesolution.com/html/webtech/assets/css/flaticon.css]
[cutesolution.com/html/webtech/assets/css/fontawesome.min.css]
[cutesolution.com/html/webtech/assets/css/meanmenu.css]
[cutesolution.com/html/webtech/assets/css/swiper.min.css]
[cutesolution.com/html/webtech/assets/css/owl.carousel.min.css]
[cutesolution.com/html/webtech/assets/css/style.css]
[cutesolution.com/html/webtech/assets/css/responsive.css]
[cutesolution.com/html/webtech/index.html]
[cutesolution.com/html/webtech/assets/img/logo.png]
[cutesolution.com/html/webtech/assets/img/logo-black.png]
[cutesolution.com/html/webtech/index-3.html]
[cutesolution.com/html/webtech/about.html]
[cutesolution.com/html/webtech/services.html]
[cutesolution.com/html/webtech/single-services.html]
[cutesolution.com/html/webtech/projects.html]
[cutesolution.com/html/webtech/single-projects.html]
[cutesolution.com/html/webtech/team.html]
[cutesolution.com/html/webtech/pricing.html]
[cutesolution.com/html/webtech/error-404.html]
[cutesolution.com/html/webtech/faq.html]
[cutesolution.com/html/webtech/coming-soon.html]
[cutesolution.com/html/webtech/terms-condition.html]
[cutesolution.com/html/webtech/privacy-policy.html]
[cutesolution.com/html/webtech/blog-1.html]
[cutesolution.com/html/webtech/blog-2.html]
[cutesolution.com/html/webtech/single-blog.html]
[cutesolution.com/html/webtech/contact.html]
[cutesolution.com/html/webtech/assets/img/about.jpg]
[cutesolution.com/html/webtech/assets/img/process/tab-process-1.jpg]
[cutesolution.com/html/webtech/assets/img/process/tab-process-2.jpg]
[cutesolution.com/html/webtech/assets/img/process/tab-process-3.jpg]
[cutesolution.com/html/webtech/assets/img/process/tab-process-4.jpg]
[cutesolution.com/html/webtech/assets/img/choose-1.jpg]
[cutesolution.com/html/webtech/assets/img/portfolio/portfolio-1.jpg]
[cutesolution.com/html/webtech/assets/img/portfolio/portfolio-2.jpg]
[cutesolution.com/html/webtech/assets/img/portfolio/portfolio-3.jpg]
[cutesolution.com/html/webtech/assets/img/portfolio/portfolio-4.jpg]
[cutesolution.com/html/webtech/assets/img/portfolio/portfolio-5.jpg]
[cutesolution.com/html/webtech/assets/img/portfolio/portfolio-6.jpg]
[cutesolution.com/html/webtech/assets/img/client/testimonial-1.jpg]
[cutesolution.com/html/webtech/assets/img/client/testimonial-2.jpg]
[cutesolution.com/html/webtech/assets/img/client/testimonial-3.jpg]
[cutesolution.com/html/webtech/assets/img/team/team-1.jpg]
[cutesolution.com/html/webtech/assets/img/team/team-2.jpg]
[cutesolution.com/html/webtech/assets/img/team/team-3.jpg]
[cutesolution.com/html/webtech/assets/img/team/team-4.jpg]
[cutesolution.com/html/webtech/assets/img/blog/blog-1.jpg]
[cutesolution.com/html/webtech/assets/img/blog/blog-2.jpg]
[cutesolution.com/html/webtech/assets/img/blog/blog-3.jpg]
[cutesolution.com/html/webtech/assets/img/partner/client-1.png]
[cutesolution.com/html/webtech/assets/img/partner/client-2.png]
[cutesolution.com/html/webtech/assets/img/partner/client-3.png]
[cutesolution.com/html/webtech/assets/img/partner/client-4.png]
[cutesolution.com/html/webtech/assets/img/partner/client-5.png]
[cutesolution.com/html/webtech/assets/img/partner/client-6.png]
[cutesolution.com/html/webtech/assets/img/partner/client-7.png]
[cutesolution.com/html/webtech/assets/img/partner/client-8.png]
[cutesolution.com/html/webtech/assets/js/jquery.min.js]
[cutesolution.com/html/webtech/assets/js/popper.min.js]
[cutesolution.com/html/webtech/assets/js/bootstrap.bundle.min.js]
[cutesolution.com/html/webtech/assets/js/jquery.meanmenu.js]
[cutesolution.com/html/webtech/assets/js/jquery.appear.min.js]
[cutesolution.com/html/webtech/assets/js/jquery.waypoints.min.js]
[cutesolution.com/html/webtech/assets/js/jquery.counterup.min.js]
[cutesolution.com/html/webtech/assets/js/owl.carousel.min.js]
[cutesolution.com/html/webtech/assets/js/swiper.min.js]
[cutesolution.com/html/webtech/assets/js/wow.min.js]
[cutesolution.com/html/webtech/index-2.html]
[cutesolution.com/html/webtech/assets/js/main.js]
[cutesolution.com/html/webtech/assets/css/bootstrap.min.css]
[cutesolution.com/html/webtech/assets/css/animate.min.css]
[cutesolution.com/html/webtech/assets/fonts/flaticonc29e.ttf]
[cutesolution.com/html/webtech/assets/fonts/flaticonc29e.woff]
[cutesolution.com/html/webtech/assets/fonts/flaticonc29e.woff2]
[cutesolution.com/html/webtech/assets/fonts/flaticonc29e.eot]
[cutesolution.com/html/webtech/assets/css/flaticon.css]
[cutesolution.com/html/webtech/assets/fonts/flaticonc29e.svg]
[cutesolution.com/html/webtech/assets/fonts/fa-brands-400.eot]
[cutesolution.com/html/webtech/assets/fonts/fa-brands-400d41dd41d.eot]
[cutesolution.com/html/webtech/assets/fonts/fa-brands-400.woff2]
[cutesolution.com/html/webtech/assets/fonts/fa-brands-400.woff]
[cutesolution.com/html/webtech/assets/fonts/fa-brands-400.ttf]
[cutesolution.com/html/webtech/assets/fonts/fa-brands-400.svg]
[cutesolution.com/html/webtech/assets/fonts/fa-regular-400.eot]
[cutesolution.com/html/webtech/assets/fonts/fa-regular-400d41dd41d.eot]
[cutesolution.com/html/webtech/assets/fonts/fa-regular-400.woff2]
[cutesolution.com/html/webtech/assets/fonts/fa-regular-400.woff]
[cutesolution.com/html/webtech/assets/fonts/fa-regular-400.ttf]
[cutesolution.com/html/webtech/assets/fonts/fa-regular-400.svg]
[cutesolution.com/html/webtech/assets/fonts/fa-solid-900.eot]
[cutesolution.com/html/webtech/assets/fonts/fa-solid-900d41dd41d.eot]
[cutesolution.com/html/webtech/assets/fonts/fa-solid-900.woff2]
[cutesolution.com/html/webtech/assets/fonts/fa-solid-900.woff]
[cutesolution.com/html/webtech/assets/css/fontawesome.min.css]
[cutesolution.com/html/webtech/assets/css/meanmenu.css]
[cutesolution.com/html/webtech/assets/css/swiper.min.css]
[cutesolution.com/html/webtech/assets/fonts/fa-solid-900.svg]
[cutesolution.com/html/webtech/assets/fonts/fa-solid-900.ttf]
[cutesolution.com/html/webtech/assets/css/owl.video.play.html]
[cutesolution.com/html/webtech/assets/css/owl.carousel.min.css]
[cutesolution.com/html/webtech/assets/img/slider-1.jpg]
[cutesolution.com/html/webtech/assets/img/home-2bg.jpg]
[cutesolution.com/html/webtech/assets/img/banner-bg.jpg]
[cutesolution.com/html/webtech/assets/img/blog-details/1.jpg]
[cutesolution.com/html/webtech/assets/img/blog-details/2.jpg]
[cutesolution.com/html/webtech/assets/img/blog-details/3.jpg]
[cutesolution.com/html/webtech/assets/img/page-title-bg.jpg]
[cutesolution.com/html/webtech/assets/img/page-title-bg-2.jpg]
[cutesolution.com/html/webtech/assets/img/page-title-bg-3.jpg]
[cutesolution.com/html/webtech/assets/img/footer-bg.png]
[cutesolution.com/html/webtech/assets/css/style.css]
[cutesolution.com/html/webtech/assets/css/responsive.css]
[cutesolution.com/html/webtech/assets/js/ajax.mail.js]
[cutesolution.com/html/webtech/index.html]
[cutesolution.com/html/webtech/index-3.html]
[cutesolution.com/html/webtech/about.html]
[cutesolution.com/html/webtech/services.html]
[cutesolution.com/html/webtech/assets/img/services-details-1.jpg]
[cutesolution.com/html/webtech/single-services.html]
[cutesolution.com/html/webtech/projects.html]
[cutesolution.com/html/webtech/assets/img/portfolio/project-details-1.jpg]
[cutesolution.com/html/webtech/assets/img/portfolio/project-details-2.jpg]
[cutesolution.com/html/webtech/assets/img/portfolio/project-details-3.jpg]
[cutesolution.com/html/webtech/single-projects.html]
[cutesolution.com/html/webtech/assets/img/team/team-5.jpg]
[cutesolution.com/html/webtech/assets/img/team/team-6.jpg]
[cutesolution.com/html/webtech/assets/img/team/team-7.jpg]
[cutesolution.com/html/webtech/assets/img/team/team-8.jpg]
[cutesolution.com/html/webtech/team.html]
[cutesolution.com/html/webtech/pricing.html]
[cutesolution.com/html/webtech/assets/img/404.png]
[cutesolution.com/html/webtech/error-404.html]
[cutesolution.com/html/webtech/faq.html]
[cutesolution.com/html/webtech/coming-soon.html]
[cutesolution.com/html/webtech/terms-condition.html]
[cutesolution.com/html/webtech/privacy-policy.html]
[cutesolution.com/html/webtech/assets/img/blog/blog-4.jpg]
[cutesolution.com/html/webtech/assets/img/blog/blog-5.jpg]
[cutesolution.com/html/webtech/assets/img/blog/blog-6.jpg]
[cutesolution.com/html/webtech/blog-1.html]
[cutesolution.com/html/webtech/blog-2.html]
[cutesolution.com/html/webtech/assets/img/client/1.jpg]
[cutesolution.com/html/webtech/assets/img/client/2.jpg]
[cutesolution.com/html/webtech/assets/img/client/4.jpg]
[cutesolution.com/html/webtech/single-blog.html]
[cutesolution.com/html/webtech/contact.html]
[cutesolution.com/html/webtech/assets/js/jquery.min.js]
[cutesolution.com/html/webtech/assets/js/popper.min.js]
[cutesolution.com/html/webtech/assets/js/bootstrap.bundle.min.js]
[cutesolution.com/html/webtech/assets/js/jquery.meanmenu.js]
[cutesolution.com/html/webtech/assets/js/jquery.appear.min.js]
[cutesolution.com/html/webtech/assets/js/jquery.waypoints.min.js]
[cutesolution.com/html/webtech/assets/js/jquery.counterup.min.js]
[cutesolution.com/html/webtech/assets/js/owl.carousel.min.js]
[cutesolution.com/html/webtech/assets/js/swiper.min.js]
[cutesolution.com/html/webtech/Edge/index.html]
[cutesolution.com/html/webtech/Trident/index.html]
[cutesolution.com/html/webtech/Version/index.html]
[cutesolution.com/html/webtech/version/index-2.html]
[cutesolution.com/html/webtech/assets/js/wow.min.js]
[cutesolution.com/html/webtech/assets/js/main.js]
[cutesolution.com/html/webtech/Gecko/index.html]
[cutesolution.com/html/webtech/Firefox/index.html]
[cutesolution.com/html/webtech/assets/fonts/flaticonc29e.svg]
[cutesolution.com/html/webtech/assets/fonts/fa-brands-400.svg]
[cutesolution.com/html/webtech/assets/fonts/fa-regular-400.svg]
[cutesolution.com/html/webtech/assets/fonts/fa-solid-900.svg]
[cutesolution.com/html/webtech/assets/css/owl.video.play.html]
[cutesolution.com/html/webtech/assets/img/page-title-bg-2.html]
[cutesolution.com/html/webtech/assets/img/page-title-bg-3.html]
[cutesolution.com/html/webtech/assets/js/ajax.mail.js]
[cutesolution.com/html/webtech/assets/img/services-details-1.html]
[cutesolution.com/html/webtech/Trident/index.html]
[cutesolution.com/html/webtech/Edge/index.html]
[cutesolution.com/html/webtech/Gecko/index.html]
[cutesolution.com/html/webtech/Firefox/index.html]
[cutesolution.com/html/webtech/Version/index.html]
[cutesolution.com/html/webtech/version/index-2.html]
